// Jest Snapshot v1, https://goo.gl/fbAQLP

exports[`pruebas en StepsForm renderiza correctamente el componente 1`] = `
<div>
  <div>
    Loading...
  </div>
</div>
`;
