// Jest Snapshot v1, https://goo.gl/fbAQLP

exports[`pruebas en Summary Renderizaci√≥n correcta del componente 1`] = `
<div>
  <div
    class="summary-loading"
  >
    ...Loading
  </div>
</div>
`;
